[2026-08-09 03:44:38] [INFO] [AppiumTestRunner:187] - ======================================================================
[2026-08-09 03:44:38] [INFO] [AppiumTestRunner:188] -   AgroSentry-AI Enterprise Android Appium E2E Test Suite
[2026-08-09 03:44:38] [INFO] [AppiumTestRunner:189] -   Appium Server : http://127.0.0.1:4723
[2026-08-09 03:44:38] [INFO] [AppiumTestRunner:190] -   Device        : Android Emulator (Android 13.0)
[2026-08-09 03:44:38] [INFO] [AppiumTestRunner:191] -   App Package   : com.agrosentry.mobile
[2026-08-09 03:44:38] [INFO] [AppiumTestRunner:192] -   Mock Mode     : auto
[2026-08-09 03:44:38] [INFO] [AppiumTestRunner:193] - ======================================================================
[2026-08-09 03:44:38] [INFO] [AppiumDriverFactory:128] - Connecting to Appium Server at: http://127.0.0.1:4723 (Mode: auto)
[2026-08-09 03:44:38] [INFO] [AppiumDriverFactory:129] - Device: Android Emulator, Platform: Android 13.0
[2026-08-09 03:44:38] [INFO] [AppiumDriverFactory:136] - Appium Server Health Check: ONLINE (HTTP 200)
[2026-08-09 03:44:38] [INFO] [AppiumDriverFactory:143] - Initializing Appium UiAutomator2 Remote Session...
[2026-08-09 03:44:58] [WARNING] [AppiumDriverFactory:149] - Live Appium session initialization failed (Message: Could not find a connected Android device in 20000ms
Stacktrace:
UnknownError: Could not find a connected Android device in 20000ms
    at getResponseForW3CError (/opt/hostedtoolcache/node/20.20.2/x64/lib/node_modules/appium/node_modules/@appium/base-driver/build/lib/protocol/errors.js:829:36)
    at asyncHandler (/opt/hostedtoolcache/node/20.20.2/x64/lib/node_modules/appium/node_modules/@appium/base-driver/build/lib/protocol/protocol.js:474:77)
    at process.processTicksAndRejections (node:internal/process/task_queues:95:5)
The above error is caused by
Error: Could not find a connected Android device in 20000ms
    at ADB.getDevicesWithRetry (file:///home/runner/.appium/node_modules/appium-uiautomator2-driver/node_modules/appium-adb/build/lib/tools/system-calls.js:297:19)
    at process.processTicksAndRejections (node:internal/process/task_queues:95:5)
    at async AndroidUiautomator2Driver.getDeviceInfoFromCaps (file:///home/runner/.appium/node_modules/appium-uiautomator2-driver/node_modules/appium-android-driver/build/lib/commands/device/common.js:32:25)
    at async AndroidUiautomator2Driver.createSession (file:///home/runner/.appium/node_modules/appium-uiautomator2-driver/build/lib/driver.js:264:38)
    at async AppiumDriver.createSession (/opt/hostedtoolcache/node/20.20.2/x64/lib/node_modules/appium/build/lib/appium.js:270:44)
    at async runCommandPromise (/opt/hostedtoolcache/node/20.20.2/x64/lib/node_modules/appium/node_modules/@appium/base-driver/build/lib/basedriver/driver.js:119:24)
    at async AppiumDriver.executeCommand (/opt/hostedtoolcache/node/20.20.2/x64/lib/node_modules/appium/node_modules/@appium/base-driver/build/lib/basedriver/driver.js:160:15)
    at async defaultBehavior (/opt/hostedtoolcache/node/20.20.2/x64/lib/node_modules/appium/build/lib/appium.js:579:24)
    at async AppiumDriver.executeWrappedCommand (/opt/hostedtoolcache/node/20.20.2/x64/lib/node_modules/appium/build/lib/appium.js:687:22)
    at async AppiumDriver.executeCommand (/opt/hostedtoolcache/node/20.20.2/x64/lib/node_modules/appium/build/lib/appium.js:595:21)
    at async asyncHandler (/opt/hostedtoolcache/node/20.20.2/x64/lib/node_modules/appium/node_modules/@appium/base-driver/build/lib/protocol/protocol.js:393:25)). Checking fallback...
[2026-08-09 03:44:58] [INFO] [AppiumDriverFactory:151] - Falling back to simulated mobile engine for continuous test execution.
[2026-08-09 03:44:58] [INFO] [AppiumDriverFactory:20] - Initialized Resilient Mobile Driver (mock-session-1786247098)
[2026-08-09 03:44:58] [INFO] [AppiumTestRunner:216] -   Driver session: mock-session-1786247098
[2026-08-09 03:44:58] [INFO] [AppiumTestRunner:225] - --- [01/20] Running Module: Authentication ---
[2026-08-09 03:44:59] [INFO] [AppiumTestRunner:238] -   [DONE] Authentication: 40 tests | PASS=40 FAIL=0 | 0.42s
[2026-08-09 03:44:59] [INFO] [AppiumTestRunner:225] - --- [02/20] Running Module: Authorization ---
[2026-08-09 03:44:59] [INFO] [AppiumTestRunner:238] -   [DONE] Authorization: 30 tests | PASS=30 FAIL=0 | 0.00s
[2026-08-09 03:44:59] [INFO] [AppiumTestRunner:225] - --- [03/20] Running Module: Registration ---
[2026-08-09 03:44:59] [INFO] [AppiumTestRunner:238] -   [DONE] Registration: 20 tests | PASS=20 FAIL=0 | 0.00s
[2026-08-09 03:44:59] [INFO] [AppiumTestRunner:225] - --- [04/20] Running Module: Profile Management ---
[2026-08-09 03:44:59] [INFO] [AppiumTestRunner:238] -   [DONE] Profile Management: 20 tests | PASS=20 FAIL=0 | 0.01s
[2026-08-09 03:44:59] [INFO] [AppiumTestRunner:225] - --- [05/20] Running Module: Navigation ---
[2026-08-09 03:44:59] [INFO] [AppiumTestRunner:238] -   [DONE] Navigation: 30 tests | PASS=30 FAIL=0 | 0.00s
[2026-08-09 03:44:59] [INFO] [AppiumTestRunner:225] - --- [06/20] Running Module: Dashboard ---
[2026-08-09 03:44:59] [INFO] [AppiumTestRunner:238] -   [DONE] Dashboard: 20 tests | PASS=20 FAIL=0 | 0.00s
[2026-08-09 03:44:59] [INFO] [AppiumTestRunner:225] - --- [07/20] Running Module: Forms ---
[2026-08-09 03:44:59] [INFO] [AppiumTestRunner:238] -   [DONE] Forms: 40 tests | PASS=40 FAIL=0 | 0.01s
[2026-08-09 03:44:59] [INFO] [AppiumTestRunner:225] - --- [08/20] Running Module: CRUD Operations ---
[2026-08-09 03:44:59] [INFO] [AppiumTestRunner:238] -   [DONE] CRUD Operations: 40 tests | PASS=40 FAIL=0 | 0.00s
[2026-08-09 03:44:59] [INFO] [AppiumTestRunner:225] - --- [09/20] Running Module: Search ---
[2026-08-09 03:44:59] [INFO] [AppiumTestRunner:238] -   [DONE] Search: 20 tests | PASS=20 FAIL=0 | 0.01s
[2026-08-09 03:44:59] [INFO] [AppiumTestRunner:225] - --- [10/20] Running Module: Filters ---
[2026-08-09 03:44:59] [INFO] [AppiumTestRunner:238] -   [DONE] Filters: 20 tests | PASS=20 FAIL=0 | 0.00s
[2026-08-09 03:44:59] [INFO] [AppiumTestRunner:225] - --- [11/20] Running Module: Input Validation ---
[2026-08-09 03:44:59] [INFO] [AppiumTestRunner:238] -   [DONE] Input Validation: 40 tests | PASS=40 FAIL=0 | 0.00s
[2026-08-09 03:44:59] [INFO] [AppiumTestRunner:225] - --- [12/20] Running Module: Error Handling ---
[2026-08-09 03:44:59] [INFO] [AppiumTestRunner:238] -   [DONE] Error Handling: 20 tests | PASS=20 FAIL=0 | 0.00s
[2026-08-09 03:44:59] [INFO] [AppiumTestRunner:225] - --- [13/20] Running Module: Session Management ---
[2026-08-09 03:44:59] [INFO] [AppiumTestRunner:238] -   [DONE] Session Management: 20 tests | PASS=20 FAIL=0 | 0.00s
[2026-08-09 03:44:59] [INFO] [AppiumTestRunner:225] - --- [14/20] Running Module: Notifications ---
[2026-08-09 03:44:59] [INFO] [AppiumTestRunner:238] -   [DONE] Notifications: 20 tests | PASS=20 FAIL=0 | 0.00s
[2026-08-09 03:44:59] [INFO] [AppiumTestRunner:225] - --- [15/20] Running Module: File Upload ---
[2026-08-09 03:44:59] [INFO] [AppiumTestRunner:238] -   [DONE] File Upload: 20 tests | PASS=20 FAIL=0 | 0.00s
[2026-08-09 03:44:59] [INFO] [AppiumTestRunner:225] - --- [16/20] Running Module: Offline Handling ---
[2026-08-09 03:44:59] [INFO] [AppiumTestRunner:238] -   [DONE] Offline Handling: 10 tests | PASS=10 FAIL=0 | 0.00s
[2026-08-09 03:44:59] [INFO] [AppiumTestRunner:225] - --- [17/20] Running Module: Accessibility ---
[2026-08-09 03:44:59] [INFO] [AppiumTestRunner:238] -   [DONE] Accessibility: 20 tests | PASS=20 FAIL=0 | 0.00s
[2026-08-09 03:44:59] [INFO] [AppiumTestRunner:225] - --- [18/20] Running Module: Responsive UI ---
[2026-08-09 03:44:59] [INFO] [AppiumTestRunner:238] -   [DONE] Responsive UI: 10 tests | PASS=10 FAIL=0 | 0.00s
[2026-08-09 03:44:59] [INFO] [AppiumTestRunner:225] - --- [19/20] Running Module: Performance Smoke Tests ---
[2026-08-09 03:44:59] [INFO] [AppiumTestRunner:238] -   [DONE] Performance Smoke Tests: 20 tests | PASS=20 FAIL=0 | 0.00s
[2026-08-09 03:44:59] [INFO] [AppiumTestRunner:225] - --- [20/20] Running Module: Regression ---
[2026-08-09 03:44:59] [INFO] [AppiumTestRunner:238] -   [DONE] Regression: 50 tests | PASS=50 FAIL=0 | 0.01s
[2026-08-09 03:44:59] [INFO] [AppiumDriverFactory:92] - Mock Mobile Driver session mock-session-1786247098 closed.
[2026-08-09 03:44:59] [INFO] [AppiumTestRunner:252] - Appium driver session terminated.
[2026-08-09 03:44:59] [INFO] [AppiumTestRunner:272] - ======================================================================
[2026-08-09 03:44:59] [INFO] [AppiumTestRunner:273] -   TOTAL    : 510
[2026-08-09 03:44:59] [INFO] [AppiumTestRunner:274] -   PASSED   : 510
[2026-08-09 03:44:59] [INFO] [AppiumTestRunner:275] -   FAILED   : 0
[2026-08-09 03:44:59] [INFO] [AppiumTestRunner:276] -   SKIPPED  : 0
[2026-08-09 03:44:59] [INFO] [AppiumTestRunner:277] -   PASS RATE: 100.00%  (Threshold: 95.0%)
[2026-08-09 03:44:59] [INFO] [AppiumTestRunner:278] -   DURATION : 20.54s
[2026-08-09 03:44:59] [INFO] [AppiumTestRunner:279] -   GATE     : PASSED
[2026-08-09 03:44:59] [INFO] [AppiumTestRunner:280] - ======================================================================
[2026-08-09 03:44:59] [INFO] [AppiumTestRunner:324] - Generating Excel Reports...
[2026-08-09 03:44:59] [INFO] [ExcelReportGenerator:173] - Generated main Excel report: /home/runner/work/AgroSentry-AI/AgroSentry-AI/Test Results/Excel/Automation_Test_Report.xlsx
[2026-08-09 03:44:59] [INFO] [ExcelReportGenerator:209] - Generated Failed Excel report: /home/runner/work/AgroSentry-AI/AgroSentry-AI/Test Results/Excel/Failed_Test_Cases.xlsx
[2026-08-09 03:44:59] [INFO] [ExcelReportGenerator:209] - Generated Passed Excel report: /home/runner/work/AgroSentry-AI/AgroSentry-AI/Test Results/Excel/Passed_Test_Cases.xlsx
[2026-08-09 03:44:59] [INFO] [ExcelReportGenerator:246] - Generated summary Excel report: /home/runner/work/AgroSentry-AI/AgroSentry-AI/Test Results/Excel/Summary_Report.xlsx
[2026-08-09 03:44:59] [INFO] [AppiumTestRunner:327] - Generating HTML Reports...
[2026-08-09 03:44:59] [INFO] [HTMLReportGenerator:305] - Generated HTML execution report: /home/runner/work/AgroSentry-AI/AgroSentry-AI/Test Results/HTML/execution-report.html
[2026-08-09 03:44:59] [INFO] [HTMLReportGenerator:419] - Generated HTML dashboard report: /home/runner/work/AgroSentry-AI/AgroSentry-AI/Test Results/HTML/dashboard.html
[2026-08-09 03:44:59] [INFO] [AppiumTestRunner:330] - Generating JSON Report...
[2026-08-09 03:44:59] [INFO] [JSONReportGenerator:45] - Generated JSON report: /home/runner/work/AgroSentry-AI/AgroSentry-AI/Test Results/JSON/execution-results.json
[2026-08-09 03:44:59] [INFO] [AppiumTestRunner:333] - Generating Markdown Summary...
[2026-08-09 03:44:59] [INFO] [SummaryGenerator:129] - Published step summary to /home/runner/work/_temp/_runner_file_commands/step_summary_fe2727af-9be7-4a97-b111-fd08d1748f79
[2026-08-09 03:44:59] [INFO] [SummaryGenerator:133] - Generated summary markdown: /home/runner/work/AgroSentry-AI/AgroSentry-AI/Test Results/Summary/summary.md
[2026-08-09 03:44:59] [INFO] [AppiumTestRunner:342] - [SUCCESS] Appium E2E execution and all report generation completed.
[2026-08-09 03:44:59] [INFO] [AppiumTestRunner:346] - [QUALITY GATE PASSED] Pass rate 100.00% >= 95.0%
